[lzt] buy_failed user=1 лот 9002 за 12,50 ₽: Item already sold
[shop] order_failed user=1 Item already sold
счёт 3 не снят у провайдера: Crypto Bot: сеть недоступна (заглушка)
[payment] invoice_failed user=1 Crypto Bot: Crypto Bot: сеть недоступна (заглушка)
счёт cryptobot не создан: Crypto Bot: сеть недоступна (заглушка)

=== первый вход ===
[SendPhoto]

=== вход по реферальной ссылке ===
[SendPhoto]

=== профиль новой кнопкой ===
[SendPhoto]

=== профиль ===
[SendPhoto]

=== реферальная система ===
[переписал]
    <b>🔗 Реферальная система</b>
    
    Приводите людей по своей ссылке и получайте процент с каждого их пополнения.
    
    Ваша ссылка:
    <code>https://t.me/smoke_shop_bot?start=r1</code>
    
    Процент с пополнений: <b>10%</b>
    Приглашено: 1
    Начислено: 0 ₽
    кнопки: [['↗ Поделиться ссылкой→https://t.me/share/url?url=https%3A%2F%2Ft.me%2Fsmoke_shop_bot%3Fstart%3Dr1'], ['↩ Назад→pr:root']]

=== мои аккаунты ===
[SendPhoto]
[DeleteMessage]

=== назад в профиль ===
[SendPhoto]
[DeleteMessage]

=== заработать ===
[отправил]
    <b>💼 Заработать</b>
    
    Выберите направление.
    кнопки: [['💬 Комментарии TikTok→ea:comments'], ['🎥 Видео TikTok→ea:video']]

=== комментарии tiktok ===
[переписал]
    <b>Комментарии TikTok</b>
    
    Комментарии в TikTok.
    
    Условия и оплата — у менеджера.
    кнопки: [['↩ Назад→ea:root']]

=== назад в заработать ===
[переписал]
    <b>💼 Заработать</b>
    
    Выберите направление.
    кнопки: [['💬 Комментарии TikTok→ea:comments'], ['🎥 Видео TikTok→ea:video']]

=== поддержка ===
[SendPhoto]

=== пополнение ===
[SendPhoto]

=== магазин с пустым каталогом ===
[SendPhoto]

=== магазин с товаром, наличие не проверено ===
[SendPhoto]

=== карточка страны без денег ===
[SendPhoto]
[DeleteMessage]

=== наличие после обхода: 2 (лотов под лимит) ===

=== витрина с наличием ===
[SendPhoto]

=== карточка страны с деньгами ===
[SendPhoto]
[DeleteMessage]

=== покупка ===
[переписал]
    ⏳ Подбираем номер. Это занимает несколько секунд.
[переписал]
    <b>📱 Индонезия +62</b>
    ✅ Номер куплен.
    
    Номер: <code>+6281100011122</code>
    Облачный пароль: <code>smoke-2fa</code>
    
    Код входа придёт отдельным сообщением — нажмите кнопку ниже.
    Код доступен до 23.08 19:19.
    
    Код приходит в течение минуты после запроса. Если кода нет — запросите повторно.
    кнопки: [['🔐 Получить код→sh:code:1'], ['🧹 Очистить аккаунт→sh:clean:1'], ['♻ Сбросить чужие сессии→sh:reset:1'], ['🔑 Ключ сессии→sh:key:1'], ['⭐ Оставить отзыв→rv:new:1'], ['♻ Заменить аккаунт→sh:replace:1'], ['🎁 Подарить аккаунт→sh:gift:1'], ['📱 Мои аккаунты→pr:accounts', '🛍 В магазин→sh:root']]

=== код входа ===
[всплывашка] Код пришёл ниже
[отправил]
    <b>🔐 Код входа</b>
    
    Индонезия +62, <code>+6281100011122</code>
    Код: <code>55231</code>
    
    Код приходит в течение минуты после запроса. Если кода нет — запросите повторно.
[переписал]
    <b>📱 Индонезия +62</b>
    
    Номер: <code>+6281100011122</code>
    Облачный пароль: <code>smoke-2fa</code>
    
    Код входа придёт отдельным сообщением — нажмите кнопку ниже.
    Код доступен до 23.08 19:19.
    Последний код выдан 23.08 07:19.
    
    Код приходит в течение минуты после запроса. Если кода нет — запросите повторно.
    кнопки: [['🔐 Получить код→sh:code:1'], ['🧹 Очистить аккаунт→sh:clean:1'], ['♻ Сбросить чужие сессии→sh:reset:1'], ['🔑 Ключ сессии→sh:key:1'], ['⭐ Оставить отзыв→rv:new:1'], ['♻ Заменить аккаунт→sh:replace:1'], ['🎁 Подарить аккаунт→sh:gift:1'], ['📱 Мои аккаунты→pr:accounts', '🛍 В магазин→sh:root']]

=== код ещё не пришёл ===
[всплывашка] Кода ещё нет. Запросите вход в Telegram и нажмите «Получить код» снова.
[переписал]
    <b>📱 Индонезия +62</b>
    
    Номер: <code>+6281100011122</code>
    Облачный пароль: <code>smoke-2fa</code>
    
    Код входа придёт отдельным сообщением — нажмите кнопку ниже.
    Код доступен до 23.08 19:19.
    Последний код выдан 23.08 07:19.
    
    Код приходит в течение минуты после запроса. Если кода нет — запросите повторно.
    кнопки: [['🔐 Получить код→sh:code:1'], ['🧹 Очистить аккаунт→sh:clean:1'], ['♻ Сбросить чужие сессии→sh:reset:1'], ['🔑 Ключ сессии→sh:key:1'], ['⭐ Оставить отзыв→rv:new:1'], ['♻ Заменить аккаунт→sh:replace:1'], ['🎁 Подарить аккаунт→sh:gift:1'], ['📱 Мои аккаунты→pr:accounts', '🛍 В магазин→sh:root']]

=== ключ сессии ===
[переписал]
    <b>🔑 Ключ сессии</b>
    
    Номер: <code>+6281100011122</code>
    
    Это не логин и не пароль: в Telegram входят по номеру и коду.
    Ключ используется для входа Telethon без номера и кода.
    Бот держит сессию только в памяти и не сохраняет файл аккаунта.
    
    Auth key (hex):
    <code>+9001</code>
    DC ID: <code>smoke-pass</code>
    кнопки: [['↩ Назад→sh:acc:1']]

=== подтверждение очистки аккаунта ===
[переписал]
    <b>🧹 Очистить аккаунт</b>
    
    Будут удалены личные диалоги и контакты, а из чужих групп и каналов аккаунт выйдет.
    
    Созданные этим аккаунтом группы и каналы останутся без изменений.
    Действие нельзя отменить. Продолжить?
    кнопки: [['✅ Да, очистить→sh:clean:yes:1'], ['↩ Назад→sh:acc:1']]

=== очистка без Telethon в smoke ===
[всплывашка] Очистка запущена
[переписал]
    ⏳ Подключаюсь к аккаунту и очищаю данные. Это может занять несколько минут.
    кнопки: [['↩ Назад→sh:acc:1']]
[переписал]
    ℹ️ Модуль Telethon не установлен. Установите зависимости проекта и повторите.
    
    <b>📱 Индонезия +62</b>
    
    Номер: <code>+6281100011122</code>
    Облачный пароль: <code>smoke-2fa</code>
    
    Код входа придёт отдельным сообщением — нажмите кнопку ниже.
    Код доступен до 23.08 19:19.
    Последний код выдан 23.08 07:19.
    
    Код приходит в течение минуты после запроса. Если кода нет — запросите повторно.
    кнопки: [['🔐 Получить код→sh:code:1'], ['🧹 Очистить аккаунт→sh:clean:1'], ['♻ Сбросить чужие сессии→sh:reset:1'], ['🔑 Ключ сессии→sh:key:1'], ['⭐ Оставить отзыв→rv:new:1'], ['♻ Заменить аккаунт→sh:replace:1'], ['🎁 Подарить аккаунт→sh:gift:1'], ['📱 Мои аккаунты→pr:accounts', '🛍 В магазин→sh:root']]

=== сброс чужих сессий ===
[всплывашка] ✅ Чужие сессии сброшены. В аккаунте остались только вы.

=== мои аккаунты после покупки ===
[SendPhoto]
[DeleteMessage]

=== отзыв: оценка ===
[переписал]
    <b>⭐ Отзыв</b>
    
    Индонезия +62
    
    Поставьте оценку.
    кнопки: [['1★→rv:s:1:1', '2★→rv:s:1:2', '3★→rv:s:1:3', '4★→rv:s:1:4', '5★→rv:s:1:5'], ['Отмена→sh:acc:1']]

=== отзыв: текст ===
[переписал]
    <b>⭐ Отзыв</b>
    
    Напишите пару слов о покупке — их увидят в канале отзывов.
    Ник будет скрыт звёздочками.
    
    Можно и без текста — кнопкой ниже.
    кнопки: [['📝 Без текста→rv:skip:1'], ['Отмена→rv:cancel:1']]

=== отзыв отправлен ===
[GetUserProfilePhotos]
[SendPhoto]
[отправил]
    <b>✅ Отзыв принят</b>
    
    Он появится в канале отзывов.
    кнопки: [['📱 Мои аккаунты→pr:accounts', '🛍 В магазин→sh:root']]

=== второй отзыв по тому же заказу ===
[всплывашка] ⭐ По этому номеру отзыв уже есть. Спасибо.

=== карточка перед второй покупкой ===
[SendPhoto]
[DeleteMessage]

=== лот ушёл раньше ===
[переписал]
    ⏳ Подбираем номер. Это занимает несколько секунд.
[переписал]
    Номер не выдался: лот ушёл раньше. Деньги вернулись на баланс, попробуйте ещё раз.
    
    <b>🌍 Индонезия +62</b>
    
    Цена: <b>49 ₽</b>
    
    Условия перед покупкой:
    • Рекомендуется VPN или прокси страны номера.
    • Гарантия и получение кода: 12 ч.
    • Товар выдаётся автоматически после оплаты.
    
    ────────────────
    Отзывы: <a href="https://t.me/reviews_antarctic">@reviews_antarctic</a>
    Канал: <a href="https://t.me/antarcticXshop">@antarcticXshop</a>
    
    На балансе: 151 ₽
    кнопки: [['🛒 Купить за 49\u2009₽→sh:buy:1'], ['↩ Назад→sh:root']]

=== чужой заказ по подделанному id ===
[всплывашка] Заказ не найден

=== покупка при пустом маркете ===
[переписал]
    ⏳ Подбираем номер. Это занимает несколько секунд.
[переписал]
    Этой страны сейчас нет в наличии. Деньги остались на балансе.
    
    <b>🌍 Индонезия +62</b>
    
    Цена: <b>49 ₽</b>
    
    Условия перед покупкой:
    • Рекомендуется VPN или прокси страны номера.
    • Гарантия и получение кода: 12 ч.
    • Товар выдаётся автоматически после оплаты.
    
    ────────────────
    Отзывы: <a href="https://t.me/reviews_antarctic">@reviews_antarctic</a>
    Канал: <a href="https://t.me/antarcticXshop">@antarcticXshop</a>
    
    ⏳ Сейчас нет в наличии. Загляните позже.
    кнопки: [['↩ Назад→sh:root']]

=== непонятный текст ===
[отправил]
    ℹ️ Выберите нужный раздел на клавиатуре ниже.
    клавиатура: [['🛍 Магазин', '💳 Пополнить баланс'], ['👤 Профиль', '💼 Заработать'], ['💬 Поддержка']]

=== пополнение: экран суммы ===
[SendPhoto]

=== сумма не разобралась ===
[отправил]
    ℹ️ Укажите сумму в рублях, например 500.
    От 50 ₽ до 100 000 ₽.

=== сумма ниже минимума ===
[отправил]
    ℹ️ Укажите сумму в рублях, например 500.
    От 50 ₽ до 100 000 ₽.

=== способы оплаты ===
[отправил]
    <b>💳 Пополнение баланса</b>
    
    Сумма: <b>300 ₽</b>
    
    Выберите способ оплаты.
    
    Crypto Bot — счёт в рублях, оплата любой криптой
    xRocket — счёт в USDT по курсу на момент оплаты
    кнопки: [['💳 Crypto Bot→tp:p:cryptobot:30000'], ['💳 xRocket→tp:p:xrocket:30000'], ['↩ Назад→tp:root']]

=== счёт xRocket ===
[переписал]
    ⏳ Выставляем счёт.
[переписал]
    <b>🧾 Счёт на оплату</b>
    
    К зачислению: <b>300 ₽</b>
    К оплате: <b>3.700599 USDT</b>
    Способ: xRocket
    Курс: 1 USDT ≈ 83,50 ₽, наценка 3%
    
    Счёт действует 30 мин. Оплатите кнопкой ниже,
    затем нажмите «Проверить оплату».
    кнопки: [['💸 Оплатить→https://t.me/xrocket?start=inv_fake500101'], ['🔄 Проверить оплату→tp:c:1'], ['✕ Отменить счёт→tp:x:1']]

=== проверка до оплаты ===
[всплывашка] ⏳ Оплата пока не пришла. Если вы уже заплатили, подождите минуту и нажмите ещё раз.

=== проверка после оплаты ===
[переписал]
    <b>✅ Баланс пополнен</b>
    
    Зачислено: <b>300 ₽</b>
    Баланс: <b>300 ₽</b>
    кнопки: [['🛍 В магазин→sh:root', '👤 Профиль→pr:root']]
[отправил]
    🔗 Начислено с пополнения приглашённого: <b>30 ₽</b>
    Баланс: 181 ₽

=== проверка оплаченного счёта ===
[переписал]
    <b>✅ Баланс пополнен</b>
    
    Зачислено: <b>300 ₽</b>
    Баланс: <b>300 ₽</b>
    кнопки: [['🛍 В магазин→sh:root', '👤 Профиль→pr:root']]

=== чужой счёт по подделанному id ===
[всплывашка] Счёт не найден

=== пополнение Алисы ===
[SendPhoto]

=== быстрая сумма ===
[переписал]
    <b>💳 Пополнение баланса</b>
    
    Сумма: <b>100 ₽</b>
    
    Выберите способ оплаты.
    
    Crypto Bot — счёт в рублях, оплата любой криптой
    xRocket — счёт в USDT по курсу на момент оплаты
    кнопки: [['💳 Crypto Bot→tp:p:cryptobot:10000'], ['💳 xRocket→tp:p:xrocket:10000'], ['↩ Назад→tp:root']]

=== своя сумма без ожидания ===
[отправил]
    <b>💳 Пополнение баланса</b>
    
    Сумма: <b>700 ₽</b>
    
    Выберите способ оплаты.
    
    Crypto Bot — счёт в рублях, оплата любой криптой
    xRocket — счёт в USDT по курсу на момент оплаты
    кнопки: [['💳 Crypto Bot→tp:p:cryptobot:70000'], ['💳 xRocket→tp:p:xrocket:70000'], ['↩ Назад→tp:root']]

=== счёт Crypto Bot ===
[переписал]
    ⏳ Выставляем счёт.
[переписал]
    <b>🧾 Счёт на оплату</b>
    
    К зачислению: <b>100 ₽</b>
    К оплате: <b>100 ₽</b>
    Способ: Crypto Bot
    
    Счёт действует 30 мин. Оплатите кнопкой ниже,
    затем нажмите «Проверить оплату».
    кнопки: [['💸 Оплатить→https://t.me/CryptoBot/app?startapp=fake900101'], ['🔄 Проверить оплату→tp:c:2'], ['✕ Отменить счёт→tp:x:2']]

=== отмена счёта ===
[переписал]
    ↩ Счёт отменён.
    
    <b>💳 Пополнение баланса</b>
    
    Баланс: <b>181 ₽</b>
    Сумма: от 50 ₽ до 100 000 ₽
    
    Введите сумму в рублях или выберите ниже.
    кнопки: [['50\u2009₽→tp:a:5000', '100\u2009₽→tp:a:10000'], ['250\u2009₽→tp:a:25000', '500\u2009₽→tp:a:50000']]

=== счёт перед неудачной отменой ===
[переписал]
    ⏳ Выставляем счёт.
[переписал]
    <b>🧾 Счёт на оплату</b>
    
    К зачислению: <b>100 ₽</b>
    К оплате: <b>100 ₽</b>
    Способ: Crypto Bot
    
    Счёт действует 30 мин. Оплатите кнопкой ниже,
    затем нажмите «Проверить оплату».
    кнопки: [['💸 Оплатить→https://t.me/CryptoBot/app?startapp=fake900102'], ['🔄 Проверить оплату→tp:c:3'], ['✕ Отменить счёт→tp:x:3']]

=== отмена при недоступном провайдере ===
[всплывашка] Не удалось подтвердить отмену у платёжного сервиса. Счёт оставлен активным, попробуйте проверить оплату позже.

=== провайдер не ответил ===
[переписал]
    ⏳ Выставляем счёт.
[переписал]
    Платёжный сервис не ответил. Попробуйте ещё раз через минуту.
    
    <b>💳 Пополнение баланса</b>
    
    Сумма: <b>100 ₽</b>
    
    Выберите способ оплаты.
    
    Crypto Bot — счёт в рублях, оплата любой криптой
    xRocket — счёт в USDT по курсу на момент оплаты
    кнопки: [['💳 Crypto Bot→tp:p:cryptobot:10000'], ['💳 xRocket→tp:p:xrocket:10000'], ['↩ Назад→tp:root']]

=== счёт под опрос ===
[переписал]
    ⏳ Выставляем счёт.
[переписал]
    <b>🧾 Счёт на оплату</b>
    
    К зачислению: <b>500 ₽</b>
    К оплате: <b>500 ₽</b>
    Способ: Crypto Bot
    
    Счёт действует 30 мин. Оплатите кнопкой ниже,
    затем нажмите «Проверить оплату».
    кнопки: [['💸 Оплатить→https://t.me/CryptoBot/app?startapp=fake900103'], ['🔄 Проверить оплату→tp:c:5'], ['✕ Отменить счёт→tp:x:5']]

=== фоновый опрос: зачислено счетов 1 ===
[отправил]
    <b>✅ Баланс пополнен</b>
    
    Зачислено: <b>500 ₽</b>
    Баланс: <b>681 ₽</b>
    кнопки: [['🛍 В магазин→sh:root', '👤 Профиль→pr:root']]

=== история пополнений ===
[переписал]
    <b>💳 История пополнений</b>
    
    23.08 07:19 · Crypto Bot · 500 ₽ · зачислено
    23.08 07:19 · Crypto Bot · 100 ₽ · сбой
    23.08 07:19 · Crypto Bot · 100 ₽ · ожидает оплаты
    23.08 07:19 · Crypto Bot · 100 ₽ · просрочен
    кнопки: [['↩ Назад→pr:root']]

=== история заказов ===
[переписал]
    <b>🧾 История заказов</b>
    
    №3 · 23.08 07:19 · Индонезия +62 · 49 ₽ · сбой
    №2 · 23.08 07:19 · Индонезия +62 · 49 ₽ · сбой
    №1 · 23.08 07:19 · Индонезия +62 · 49 ₽ · код выдан
    кнопки: [['№3 · Индонезия +62 · 23.08 07:19→sh:acc:3'], ['№2 · Индонезия +62 · 23.08 07:19→sh:acc:2'], ['№1 · Индонезия +62 · 23.08 07:19→sh:acc:1', '♻ Заменить→sh:replace:1'], ['↩ Назад→pr:root']]

=== подарок: одноразовая ссылка ===
[переписал]
    <b>🎁 Ссылка на передачу</b>
    
    Отправьте эту ссылку получателю:
    https://t.me/smoke_shop_bot?start=gift_wfUkCoTOIQKdMA1Afn73kGDkurmzmATR
    
    Ссылка одноразовая и действует 24 часа.
    кнопки: [['↩ Назад→sh:acc:1']]

=== подарок: получатель принял ===
[отправил]
    ✅ Аккаунт «Индонезия +62» передан вам. Откройте раздел «Мои аккаунты», чтобы получить код.
[SendPhoto]

=== подарок: прежний владелец ===
[всплывашка] Заказ не найден

=== подарок: новый владелец ===
[переписал]
    <b>📱 Индонезия +62</b>
    
    Номер: <code>+6281100011122</code>
    Облачный пароль: <code>smoke-2fa</code>
    
    Код входа придёт отдельным сообщением — нажмите кнопку ниже.
    Код доступен до 23.08 19:19.
    Последний код выдан 23.08 07:19.
    
    Код приходит в течение минуты после запроса. Если кода нет — запросите повторно.
    кнопки: [['🔐 Получить код→sh:code:1'], ['🧹 Очистить аккаунт→sh:clean:1'], ['♻ Сбросить чужие сессии→sh:reset:1'], ['🔑 Ключ сессии→sh:key:1'], ['♻ Заменить аккаунт→sh:replace:1'], ['📱 Мои аккаунты→pr:accounts', '🛍 В магазин→sh:root']]

=== замена: подтверждение ===
[переписал]
    <b>♻ Заменить аккаунт</b>
    
    Гарантия действует 12 ч.
    До: 23.08 19:19.
    
    Заявка будет передана в поддержку. Старый аккаунт останется доступен до решения.
    Продолжить?
    кнопки: [['✅ Отправить заявку→sh:replace:yes:1'], ['↩ Назад→sh:acc:1']]

=== замена: заявка в поддержку ===
[переписал]
    ✅ Заявка на замену отправлена в поддержку. Мы проверим заказ и ответим в чате поддержки.
    кнопки: [['↩ Назад→sh:acc:1']]

=== реферальная система у приглашённого ===
[переписал]
    <b>🔗 Реферальная система</b>
    
    Приводите людей по своей ссылке и получайте процент с каждого их пополнения.
    
    Ваша ссылка:
    <code>https://t.me/smoke_shop_bot?start=r2</code>
    
    Процент с пополнений: <b>10%</b>
    Приглашено: 0
    Начислено: 0 ₽
    кнопки: [['↗ Поделиться ссылкой→https://t.me/share/url?url=https%3A%2F%2Ft.me%2Fsmoke_shop_bot%3Fstart%3Dr2'], ['↩ Назад→pr:root']]

=== заблокированный клиент ===
[отправил]
    ⛔ Доступ к магазину ограничен.
    Причина: тест
    Ограничение постоянное.
    💬 Вопросы — через поддержку.

=== истёкший бан снят ===
[SendPhoto]

=== видео tiktok скрыто ===
[отправил]
    <b>💼 Заработать</b>
    
    Выберите направление.
    кнопки: [['💬 Комментарии TikTok→ea:comments']]

=== скрытое направление по старой кнопке ===
[всплывашка] Направление больше недоступно

=== магазин выключен ===
[SendPhoto]

=== покупка при выключенном магазине ===
[переписал]
    Магазин временно закрыт. Откроемся в ближайшее время.
    
    <b>🌍 Индонезия +62</b>
    
    Цена: <b>49 ₽</b>
    
    Условия перед покупкой:
    • Рекомендуется VPN или прокси страны номера.
    • Гарантия и получение кода: 12 ч.
    • Товар выдаётся автоматически после оплаты.
    
    ────────────────
    Отзывы: <a href="https://t.me/reviews_antarctic">@reviews_antarctic</a>
    Канал: <a href="https://t.me/antarcticXshop">@antarcticXshop</a>
    
    ⏳ Сейчас нет в наличии. Загляните позже.
    кнопки: [['↩ Назад→sh:root']]

=== раздел заработка выключен ===
[отправил]
    ⏸ Раздел временно недоступен.

=== клавиатура без заработка ===
[отправил]
    ℹ️ Выберите нужный раздел на клавиатуре ниже.
    клавиатура: [['🛍 Магазин', '💳 Пополнить баланс'], ['👤 Профиль'], ['💬 Поддержка']]

=== битый html в приветствии ===
[SendPhoto]

=== пополнение запрещено клиенту ===
[отправил]
    ⛔ Пополнение для вашего аккаунта ограничено. Напишите в поддержку.

=== покупки запрещены клиенту ===
[SendPhoto]

=== база ===
    id=1 tg=1001 пригласил=None рефералов=1 баланс=68100 потрачено=4900 заказов=0 бан=False
    id=2 tg=1002 пригласил=1 рефералов=0 баланс=30000 потрачено=0 заказов=1 бан=False
    заказ №1 code_issued лот=9001 цена=4900 закуп=900 возврат=False запросов кода=2
    заказ №2 failed лот=9002 цена=4900 закуп=None возврат=True запросов кода=0
    заказ №3 failed лот=None цена=4900 закуп=None возврат=True запросов кода=0
    счёт №1 клиент=2 xrocket paid сумма=30000 зачислено=30000 USDT
    счёт №2 клиент=1 cryptobot expired сумма=10000 зачислено=0 RUB
    счёт №3 клиент=1 cryptobot pending сумма=10000 зачислено=0 RUB
    счёт №4 клиент=1 cryptobot failed сумма=10000 зачислено=0 RUB
    счёт №5 клиент=1 cryptobot paid сумма=50000 зачислено=50000 RUB
    события: shop=15, payment=12, user=12, balance=9, referral=4, support=4, earn=3, review=2, lzt=1

прогнал апдейтов: 72. Вызовов маркета: 9.
маркет: search, search, fast-buy:9001, code:9001, code:9001, reset:9001, search, fast-buy:9002, search
Crypto Bot: rate:USDT-RUB, createInvoice, deleteInvoice:900101, createInvoice, deleteInvoice:900102, createInvoice, createInvoice, getInvoices
xRocket: tg-invoices, tg-invoices:500101, tg-invoices:500101
База прогона: smoke.db
